--- old.txt
+++ new.txt
@@ -1,3 +1,3 @@
 function alpha() {
-    return "alpha";
+    return "alpha_modified";
 }
@@ -19,5 +19,5 @@
 }
 
 function zeta() {
-    return "zeta";
+    return "zeta_modified";
 }
