--- old.txt
+++ new.txt
@@ -1,5 +1,6 @@
 line 1
 line 2
+line 2.5
 line 3
 line 4
 line 5
