--- old.txt
+++ new.txt
@@ -9,7 +9,8 @@
 type User struct {
     ID        int64     `json:"id"`
     Email     string    `json:"email"`
-    Name      string    `json:"name"`
+    FirstName string    `json:"first_name"`
+    LastName  string    `json:"last_name"`
     CreatedAt time.Time `json:"created_at"`
     UpdatedAt time.Time `json:"updated_at"`
 }
